  Identification des projets ├á restaurer...
  Tous les projets sont ├á jour pour la restauration.
C:\Users\Lenovo\Desktop\CapLedProject\CapLed.Core\Application\Mapping\MappingProfile.cs(17,75): error CS0103: Le nom 'StockAlertHelper' n'existe pas dans le contexte actuel [C:\Users\Lenovo\Desktop\CapLedProject\CapLed.Core\CapLed.Core.csproj]
C:\Users\Lenovo\Desktop\CapLedProject\CapLed.Core\Application\Mapping\MappingProfile.cs(61,75): error CS0103: Le nom 'StockAlertHelper' n'existe pas dans le contexte actuel [C:\Users\Lenovo\Desktop\CapLedProject\CapLed.Core\CapLed.Core.csproj]
C:\Users\Lenovo\Desktop\CapLedProject\CapLed.Core\Application\Mapping\MappingProfile.cs(30,17): warning CS8602: D├®r├®f├®rencement d'une ├®ventuelle r├®f├®rence null. [C:\Users\Lenovo\Desktop\CapLedProject\CapLed.Core\CapLed.Core.csproj]
C:\Users\Lenovo\Desktop\CapLedProject\CapLed.Core\Application\Mapping\MappingProfile.cs(30,68): warning CS8602: D├®r├®f├®rencement d'une ├®ventuelle r├®f├®rence null. [C:\Users\Lenovo\Desktop\CapLedProject\CapLed.Core\CapLed.Core.csproj]

├ëCHEC de la build.

C:\Users\Lenovo\Desktop\CapLedProject\CapLed.Core\Application\Mapping\MappingProfile.cs(30,17): warning CS8602: D├®r├®f├®rencement d'une ├®ventuelle r├®f├®rence null. [C:\Users\Lenovo\Desktop\CapLedProject\CapLed.Core\CapLed.Core.csproj]
C:\Users\Lenovo\Desktop\CapLedProject\CapLed.Core\Application\Mapping\MappingProfile.cs(30,68): warning CS8602: D├®r├®f├®rencement d'une ├®ventuelle r├®f├®rence null. [C:\Users\Lenovo\Desktop\CapLedProject\CapLed.Core\CapLed.Core.csproj]
C:\Users\Lenovo\Desktop\CapLedProject\CapLed.Core\Application\Mapping\MappingProfile.cs(17,75): error CS0103: Le nom 'StockAlertHelper' n'existe pas dans le contexte actuel [C:\Users\Lenovo\Desktop\CapLedProject\CapLed.Core\CapLed.Core.csproj]
C:\Users\Lenovo\Desktop\CapLedProject\CapLed.Core\Application\Mapping\MappingProfile.cs(61,75): error CS0103: Le nom 'StockAlertHelper' n'existe pas dans le contexte actuel [C:\Users\Lenovo\Desktop\CapLedProject\CapLed.Core\CapLed.Core.csproj]
    2 Avertissement(s)
    2 Erreur(s)

Temps ├®coul├® 00:00:01.28
