  Identification des projets ├á restaurer...
  Tous les projets sont ├á jour pour la restauration.
  CapLed.Core -> C:\Users\Lenovo\Desktop\CapLedProject\CapLed.Core\bin\Debug\net8.0\StockManager.Core.dll
C:\Users\Lenovo\Desktop\CapLedProject\CapLed.Desktop\ViewModels\LoginViewModel.cs(1,7): error CS0246: Le nom de type ou d'espace de noms 'CommunityToolkit' est introuvable (vous manque-t-il une directive using ou une r├®f├®rence d'assembly┬á?) [C:\Users\Lenovo\Desktop\CapLedProject\CapLed.Desktop\CapLed.Desktop_0nmkshj4_wpftmp.csproj]
C:\Users\Lenovo\Desktop\CapLedProject\CapLed.Desktop\ViewModels\MainViewModel.cs(5,7): error CS0246: Le nom de type ou d'espace de noms 'CommunityToolkit' est introuvable (vous manque-t-il une directive using ou une r├®f├®rence d'assembly┬á?) [C:\Users\Lenovo\Desktop\CapLedProject\CapLed.Desktop\CapLed.Desktop_0nmkshj4_wpftmp.csproj]
C:\Users\Lenovo\Desktop\CapLedProject\CapLed.Desktop\ViewModels\LoginViewModel.cs(8,31): error CS0246: Le nom de type ou d'espace de noms 'BaseViewModel' est introuvable (vous manque-t-il une directive using ou une r├®f├®rence d'assembly┬á?) [C:\Users\Lenovo\Desktop\CapLedProject\CapLed.Desktop\CapLed.Desktop_0nmkshj4_wpftmp.csproj]

├ëCHEC de la build.

C:\Users\Lenovo\Desktop\CapLedProject\CapLed.Desktop\ViewModels\LoginViewModel.cs(1,7): error CS0246: Le nom de type ou d'espace de noms 'CommunityToolkit' est introuvable (vous manque-t-il une directive using ou une r├®f├®rence d'assembly┬á?) [C:\Users\Lenovo\Desktop\CapLedProject\CapLed.Desktop\CapLed.Desktop_0nmkshj4_wpftmp.csproj]
C:\Users\Lenovo\Desktop\CapLedProject\CapLed.Desktop\ViewModels\MainViewModel.cs(5,7): error CS0246: Le nom de type ou d'espace de noms 'CommunityToolkit' est introuvable (vous manque-t-il une directive using ou une r├®f├®rence d'assembly┬á?) [C:\Users\Lenovo\Desktop\CapLedProject\CapLed.Desktop\CapLed.Desktop_0nmkshj4_wpftmp.csproj]
C:\Users\Lenovo\Desktop\CapLedProject\CapLed.Desktop\ViewModels\LoginViewModel.cs(8,31): error CS0246: Le nom de type ou d'espace de noms 'BaseViewModel' est introuvable (vous manque-t-il une directive using ou une r├®f├®rence d'assembly┬á?) [C:\Users\Lenovo\Desktop\CapLedProject\CapLed.Desktop\CapLed.Desktop_0nmkshj4_wpftmp.csproj]
    0 Avertissement(s)
    3 Erreur(s)

Temps ├®coul├® 00:00:01.60
